// Jest Snapshot v1, https://goo.gl/fbAQLP

exports[`render correctly the Post Tweet component 1`] = `
<div
  className="cardContainer"
>
  <div
    className="cardWidth"
  >
    <div
      className="paperHeight"
    >
      Home
    </div>
    <div
      className="cardContent"
    >
      <div
        className="flexImageTweet"
      >
        <div>
          <img
            alt="User profile"
            className="profileImageTweet"
            src="/images/default_profile_bigger.png"
          />
        </div>
        <div
          className="autoExpandDiv"
        >
          <textarea
            className="textArea"
            maxLength="280"
            onChange={[Function]}
            placeholder="What's happening?"
            value=""
          />
        </div>
      </div>
      <div
        className="flexUploadTweet"
      >
        <div
          className="flexIconCharsCount"
        >
          <div
            className="iconUpload"
          >
            <input
              accept="image/*"
              className="inputStyle"
              id="icon-button-file"
              onChange={[Function]}
              type="file"
            />
            <label
              htmlFor="icon-button-file"
            >
              <svg
                color="#1da1f2"
                fill="currentColor"
                height={20}
                size={20}
                stroke="currentColor"
                strokeWidth="0"
                style={
                  Object {
                    "color": "#1da1f2",
                  }
                }
                viewBox="0 0 1024 1024"
                width={20}
                xmlns="http://www.w3.org/2000/svg"
              >
                <path
                  d="M928 160H96c-17.7 0-32 14.3-32 32v640c0 17.7 14.3 32 32 32h832c17.7 0 32-14.3 32-32V192c0-17.7-14.3-32-32-32zm-40 632H136v-39.9l138.5-164.3 150.1 178L658.1 489 888 761.6V792zm0-129.8L664.2 396.8c-3.2-3.8-9-3.8-12.2 0L424.6 666.4l-144-170.7c-3.2-3.8-9-3.8-12.2 0L136 652.7V232h752v430.2zM304 456a88 88 0 1 0 0-176 88 88 0 0 0 0 176zm0-116c15.5 0 28 12.5 28 28s-12.5 28-28 28-28-12.5-28-28 12.5-28 28-28z"
                />
              </svg>
            </label>
          </div>
          <div
            className="countMessageStyle"
          >
            280 characters remaining
          </div>
        </div>
        <button
          className="disabledPostTweetBtn"
          disabled={true}
          onClick={[Function]}
          type="button"
        >
          Tweet
        </button>
      </div>
    </div>
  </div>
  <div
    className="postTweetSeparator"
  />
</div>
`;
